
> frontend@0.0.0 build
> vite build

vite v7.3.1 building client environment for production...
transforming...
src/services/WebSocketClient.js (3:30): "default" is not exported by "src/protocols/messages.js", imported by "src/services/WebSocketClient.js".
✓ 1748 modules transformed.
rendering chunks...
computing gzip size...
dist/ChatWithUsWid.js  443.41 kB │ gzip: 128.32 kB
✓ built in 11.43s
